#
# There is insufficient memory for the Java Runtime Environment to continue.
# Native memory allocation (mmap) failed to map 134217728 bytes for Failed to commit area from 0x0000000081c00000 to 0x0000000089c00000 of length 134217728.
# Possible reasons:
#   The system is out of physical RAM or swap space
#   The process is running with CompressedOops enabled, and the Java Heap may be blocking the growth of the native heap
# Possible solutions:
#   Reduce memory load on the system
#   Increase physical memory or swap space
#   Check if swap backing store is full
#   Decrease Java heap size (-Xmx/-Xms)
#   Decrease number of Java threads
#   Decrease Java thread stack sizes (-Xss)
#   Set larger code cache with -XX:ReservedCodeCacheSize=
# This output file may be truncated or incomplete.
#
#  Out of Memory Error (./open/src/hotspot/os/windows/os_windows.cpp:3293), pid=26432, tid=16844
#
# JRE version:  (11.0.20+9) (build )
# Java VM: Java HotSpot(TM) 64-Bit Server VM (11.0.20+9-LTS-256, mixed mode, sharing, tiered, compressed oops, g1 gc, windows-amd64)
# No core dump will be written. Minidumps are not enabled by default on client versions of Windows
#

---------------  S U M M A R Y ------------

Command Line: 

Host: Intel(R) Core(TM) i5-6300U CPU @ 2.40GHz, 4 cores, 7G,  Windows 11 , 64 bit Build 22621 (10.0.22621.3958)
Time: Wed Apr  2 01:29:53 2025 E. Africa Standard Time elapsed time: 0.401337 seconds (0d 0h 0m 0s)

---------------  T H R E A D  ---------------

Current thread (0x0000029ea97a5800):  JavaThread "Unknown thread" [_thread_in_vm, id=16844, stack(0x000000b771a00000,0x000000b771b00000)]

Stack: [0x000000b771a00000,0x000000b771b00000]
Native frames: (J=compiled Java code, j=interpreted, Vv=VM code, C=native code)
V  [jvm.dll+0x6602ba]
V  [jvm.dll+0x7a32af]
V  [jvm.dll+0x7a4979]
V  [jvm.dll+0x7a5013]
V  [jvm.dll+0x258ef5]
V  [jvm.dll+0x65d619]
V  [jvm.dll+0x652375]
V  [jvm.dll+0x31359d]
V  [jvm.dll+0x313402]
V  [jvm.dll+0x318036]
V  [jvm.dll+0x360130]
V  [jvm.dll+0x35fba2]
V  [jvm.dll+0x2eec28]
V  [jvm.dll+0x2efd35]
V  [jvm.dll+0x77c327]
V  [jvm.dll+0x77dc0f]
V  [jvm.dll+0x36d3d9]
V  [jvm.dll+0x760d0f]
V  [jvm.dll+0x3df467]
V  [jvm.dll+0x3e1511]
C  [jli.dll+0x52e7]
C  [ucrtbase.dll+0x29333]
C  [KERNEL32.DLL+0x1257d]
C  [ntdll.dll+0x5af08]


---------------  P R O C E S S  ---------------

Threads class SMR info:
_java_thread_list=0x0000029ea75a4930, length=0, elements={
}

Java Threads: ( => current thread )

Other Threads:
  0x0000029ea97b7800 GCTaskThread "GC Thread#0" [stack: 0x000000b771c00000,0x000000b771d00000] [id=19224]
  0x0000029ea97e8800 ConcurrentGCThread "G1 Main Marker" [stack: 0x000000b771d00000,0x000000b771e00000] [id=14500]
  0x0000029ea97ea000 ConcurrentGCThread "G1 Conc#0" [stack: 0x000000b771e00000,0x000000b771f00000] [id=17496]

[error occurred during error reporting (printing all threads), id 0xc0000005, EXCEPTION_ACCESS_VIOLATION (0xc0000005) at pc=0x00007ffe5628f6e7]

VM state:not at safepoint (not fully initialized)

VM Mutex/Monitor currently owned by a thread:  ([mutex/lock_event])
[0x0000029ea97a32f0] Heap_lock - owner thread: 0x0000029ea97a5800

Heap address: 0x0000000081c00000, size: 2020 MB, Compressed Oops mode: Non-zero based: 0x0000000081c00000
Narrow klass base: 0x0000000000000000, Narrow klass shift: 0

GC Heap History (0 events):
No events

Deoptimization events (0 events):
No events

Classes redefined (0 events):
No events

Internal exceptions (0 events):
No events

Events (0 events):
No events


Dynamic libraries:
0x00007ff7bb370000 - 0x00007ff7bb380000 	C:\Program Files\Java\jdk-11\bin\java.exe
0x00007ffebbc30000 - 0x00007ffebbe47000 	C:\WINDOWS\SYSTEM32\ntdll.dll
0x00007ffeba890000 - 0x00007ffeba954000 	C:\WINDOWS\System32\KERNEL32.DLL
0x00007ffeb94e0000 - 0x00007ffeb9897000 	C:\WINDOWS\System32\KERNELBASE.dll
0x00007ffeb8f40000 - 0x00007ffeb9051000 	C:\WINDOWS\System32\ucrtbase.dll
0x00007ffe7c0b0000 - 0x00007ffe7c0c9000 	C:\Program Files\Java\jdk-11\bin\jli.dll
0x00007ffebb560000 - 0x00007ffebb612000 	C:\WINDOWS\System32\ADVAPI32.dll
0x00007ffeba630000 - 0x00007ffeba6d7000 	C:\WINDOWS\System32\msvcrt.dll
0x00007ffeba7a0000 - 0x00007ffeba848000 	C:\WINDOWS\System32\sechost.dll
0x00007ffeb9220000 - 0x00007ffeb9248000 	C:\WINDOWS\System32\bcrypt.dll
0x00007ffeba500000 - 0x00007ffeba614000 	C:\WINDOWS\System32\RPCRT4.dll
0x00007ffeba2f0000 - 0x00007ffeba49f000 	C:\WINDOWS\System32\USER32.dll
0x00007ffeb91f0000 - 0x00007ffeb9216000 	C:\WINDOWS\System32\win32u.dll
0x00007ffebaae0000 - 0x00007ffebab09000 	C:\WINDOWS\System32\GDI32.dll
0x00007ffeb90d0000 - 0x00007ffeb91e8000 	C:\WINDOWS\System32\gdi32full.dll
0x00007ffeb93c0000 - 0x00007ffeb945a000 	C:\WINDOWS\System32\msvcp_win.dll
0x00007ffe7b840000 - 0x00007ffe7b85b000 	C:\Program Files\Java\jdk-11\bin\VCRUNTIME140.dll
0x00007ffe9ffd0000 - 0x00007ffea0263000 	C:\WINDOWS\WinSxS\amd64_microsoft.windows.common-controls_6595b64144ccf1df_6.0.22621.3672_none_2713b9d173822955\COMCTL32.dll
0x00007ffeae530000 - 0x00007ffeae53a000 	C:\WINDOWS\SYSTEM32\VERSION.dll
0x00007ffeba850000 - 0x00007ffeba881000 	C:\WINDOWS\System32\IMM32.DLL
0x00007ffe94ad0000 - 0x00007ffe94adc000 	C:\Program Files\Java\jdk-11\bin\vcruntime140_1.dll
0x00007ffe6efd0000 - 0x00007ffe6f05e000 	C:\Program Files\Java\jdk-11\bin\msvcp140.dll
0x00007ffe55f90000 - 0x00007ffe56afd000 	C:\Program Files\Java\jdk-11\bin\server\jvm.dll
0x00007ffeb9d30000 - 0x00007ffeb9d38000 	C:\WINDOWS\System32\PSAPI.DLL
0x00007ffe929c0000 - 0x00007ffe929c9000 	C:\WINDOWS\SYSTEM32\WSOCK32.dll
0x00007ffeba1c0000 - 0x00007ffeba231000 	C:\WINDOWS\System32\WS2_32.dll
0x00007ffeaf600000 - 0x00007ffeaf634000 	C:\WINDOWS\SYSTEM32\WINMM.dll
0x00007ffeb8080000 - 0x00007ffeb8098000 	C:\WINDOWS\SYSTEM32\kernel.appcore.dll
0x00007ffe8e390000 - 0x00007ffe8e3a0000 	C:\Program Files\Java\jdk-11\bin\verify.dll
0x00007ffeaf2f0000 - 0x00007ffeaf522000 	C:\WINDOWS\SYSTEM32\DBGHELP.DLL
0x00007ffebb7d0000 - 0x00007ffebbb5e000 	C:\WINDOWS\System32\combase.dll
0x00007ffebb380000 - 0x00007ffebb457000 	C:\WINDOWS\System32\OLEAUT32.dll
0x00007ffe9e940000 - 0x00007ffe9e972000 	C:\WINDOWS\SYSTEM32\dbgcore.DLL
0x00007ffeb9460000 - 0x00007ffeb94db000 	C:\WINDOWS\System32\bcryptPrimitives.dll
0x00007ffe70650000 - 0x00007ffe70678000 	C:\Program Files\Java\jdk-11\bin\java.dll
0x00007ffe84ae0000 - 0x00007ffe84aea000 	C:\Program Files\Java\jdk-11\bin\jimage.dll
0x00007ffe6efb0000 - 0x00007ffe6efc7000 	C:\Program Files\Java\jdk-11\bin\zip.dll

dbghelp: loaded successfully - version: 4.0.5 - missing functions: none
symbol engine: initialized successfully - sym options: 0x614 - pdb path: .;C:\Program Files\Java\jdk-11\bin;C:\WINDOWS\SYSTEM32;C:\WINDOWS\WinSxS\amd64_microsoft.windows.common-controls_6595b64144ccf1df_6.0.22621.3672_none_2713b9d173822955;C:\Program Files\Java\jdk-11\bin\server

VM Arguments:
java_command: <unknown>
java_class_path (initial): <not set>
Launcher Type: SUN_STANDARD

[Global flags]
     intx CICompilerCount                          = 3                                         {product} {ergonomic}
     uint ConcGCThreads                            = 1                                         {product} {ergonomic}
     uint G1ConcRefinementThreads                  = 4                                         {product} {ergonomic}
   size_t G1HeapRegionSize                         = 1048576                                   {product} {ergonomic}
    uintx GCDrainStackTargetSize                   = 64                                        {product} {ergonomic}
   size_t InitialHeapSize                          = 134217728                                 {product} {ergonomic}
   size_t MarkStackSize                            = 4194304                                   {product} {ergonomic}
   size_t MaxHeapSize                              = 2118123520                                {product} {ergonomic}
   size_t MinHeapDeltaBytes                        = 1048576                                   {product} {ergonomic}
    uintx NonNMethodCodeHeapSize                   = 5830732                                {pd product} {ergonomic}
    uintx NonProfiledCodeHeapSize                  = 122913754                              {pd product} {ergonomic}
    uintx ProfiledCodeHeapSize                     = 122913754                              {pd product} {ergonomic}
    uintx ReservedCodeCacheSize                    = 251658240                              {pd product} {ergonomic}
     bool SegmentedCodeCache                       = true                                      {product} {ergonomic}
     bool UseCompressedClassPointers               = true                                 {lp64_product} {ergonomic}
     bool UseCompressedOops                        = true                                 {lp64_product} {ergonomic}
     bool UseG1GC                                  = true                                      {product} {ergonomic}
     bool UseLargePagesIndividualAllocation        = false                                  {pd product} {ergonomic}

Logging:
Log output configuration:
 #0: stdout all=warning uptime,level,tags
 #1: stderr all=off uptime,level,tags

Environment Variables:
JAVA_HOME=C:\Program Files\Java\jdk-11
PATH=C:\Program Files\Java\jdk-11\bin;C:\Program Files\Java\jdk-11;;C:\ProgramData\chocolatey\bin;C:\Program Files\Python312\Scripts;C:\Program Files\Python312;C:\Program Files (x86)\VMware\VMware Player\bin;C:\Program Files\Common Files\Oracle\Java\javapath;C:\WINDOWS\system32;C:\WINDOWS;C:\WINDOWS\System32\Wbem;C:\WINDOWS\System32\WindowsPowerShell\v1.0;C:\WINDOWS\System32\OpenSSH;C:\Program Files\dotnet;C:\Program Files\Git\cmd;C:\Program Files\MySQL\MySQL Server 8.0\bin;C:\Program Files\nodejs;C:\Program Files\MySQL\MySQL Shell 8.0\bin;C:\Users\YOUR_USERNAME\AppData\Local\Programs\Python\Python311\Scripts;C:\Users\YOUR_USERNAME\AppData\Local\Programs\Python\Python311;C:\Users\YOUR_USERNAME\AppData\Local\Microsoft\WindowsApps;C:\Users\YOUR_USERNAME\AppData\Local\Programs\Microsoft VS Code\bin;C:\Users\YOUR_USERNAME\AppData\Local\JetBrains\PhpStorm 2023.1.2\bin;C:\Program Files\JetBrains\PyCharm Community Edition 2023.1.2\bin;C:\Users\YOUR_USERNAME\AppData\Roaming\Python\Python312\Scrip;C:\Users\USER\AppData\Loc;C:\tools\php84;C:\Users\USER\AppData\Local\Programs\Microsoft VS Code\bin;C:\ProgramData\chocolatey\lib\ngrok\tools
USERNAME=USER
OS=Windows_NT
PROCESSOR_IDENTIFIER=Intel64 Family 6 Model 78 Stepping 3, GenuineIntel



---------------  S Y S T E M  ---------------

OS: Windows 11 , 64 bit Build 22621 (10.0.22621.3958)

CPU:total 4 (initial active 4) (2 cores per cpu, 2 threads per core) family 6 model 78 stepping 3 microcode 0xd6, cmov, cx8, fxsr, mmx, sse, sse2, sse3, ssse3, sse4.1, sse4.2, popcnt, avx, avx2, aes, clmul, erms, rtm, 3dnowpref, lzcnt, ht, tsc, tscinvbit, bmi1, bmi2, adx, fma

Memory: 4k page, system-wide physical 8072M (480M free)
TotalPageFile size 22783M (AvailPageFile size 57M)
current process WorkingSet (physical memory assigned to process): 10M, peak: 10M
current process commit charge ("private bytes"): 51M, peak: 179M

vm_info: Java HotSpot(TM) 64-Bit Server VM (11.0.20+9-LTS-256) for windows-amd64 JRE (11.0.20+9-LTS-256), built on Jun 14 2023 10:34:22 by "mach5one" with MS VC++ 17.1 (VS2022)

END.
